// Jest Snapshot v1, https://goo.gl/fbAQLP

exports[`sideboard tab clicks click reflection 1`] = `
"<div id=\\"sideboard\\">
  <nav><button id=\\"translation-button\\" class=\\"tabBtn iconBtn\\"><svg alt=\\"Translation\\" tabindex=\\"0\\" class=\\"\\">btnTrans.svg</svg></button><button id=\\"rotation-button\\" class=\\"tabBtn iconBtn\\"><svg alt=\\"Rotation\\" tabindex=\\"0\\" class=\\"\\">btnRot.svg</svg></button><button id=\\"reflection-button\\" class=\\"tabBtn iconBtn\\"><svg alt=\\"Reflection\\" tabindex=\\"0\\" class=\\"activeTab\\">btnReflect.svg</svg></button></nav>
  <div id=\\"reflection\\" class=\\"tab\\">
    <div class=\\"controls\\"><button id=\\"reflectXBtn\\" name=\\"reflectX\\" class=\\"controlBtn iconBtn\\"><svg alt=\\"X-reflection icon\\">btnReflectX.svg</svg></button><select id=\\"reflectDrop\\" name=\\"setLineOfReflection\\" class=\\"controlSelect\\">
        <option>9</option>
        <option>8</option>
        <option>7</option>
        <option>6</option>
        <option>5</option>
        <option>4</option>
        <option>3</option>
        <option>2</option>
        <option>1</option>
        <option>0</option>
        <option>-1</option>
        <option>-2</option>
        <option>-3</option>
        <option>-4</option>
        <option>-5</option>
        <option>-6</option>
        <option>-7</option>
        <option>-8</option>
        <option>-9</option>
      </select><button id=\\"reflectYBtn\\" name=\\"reflectY\\" class=\\"controlBtn iconBtn\\"><svg alt=\\"Y-reflection icon\\">btnReflectY.svg</svg></button></div>
  </div>
</div>"
`;

exports[`sideboard tab clicks click rotation 1`] = `
"<div id=\\"sideboard\\">
  <nav><button id=\\"translation-button\\" class=\\"tabBtn iconBtn\\"><svg alt=\\"Translation\\" tabindex=\\"0\\" class=\\"\\">btnTrans.svg</svg></button><button id=\\"rotation-button\\" class=\\"tabBtn iconBtn\\"><svg alt=\\"Rotation\\" tabindex=\\"0\\" class=\\"activeTab\\">btnRot.svg</svg></button><button id=\\"reflection-button\\" class=\\"tabBtn iconBtn\\"><svg alt=\\"Reflection\\" tabindex=\\"0\\" class=\\"\\">btnReflect.svg</svg></button></nav>
  <div id=\\"rotation\\" class=\\"tab\\">
    <div class=\\"controls\\">
      <div id=\\"pivotCoords\\"><input id=\\"setPivotPointx\\" class=\\"controlInputNum\\" type=\\"number\\" name=\\"setPivotPointx\\" value=\\"\\"><input id=\\"setPivotPointy\\" class=\\"controlInputNum\\" type=\\"number\\" name=\\"setPivotPointy\\" value=\\"\\"></div>
      <div id=\\"rotateDirection\\"><button id=\\"rotate-left\\" name=\\"rotate-left\\" class=\\"controlBtn iconBtn\\"><svg alt=\\"Counterclockwise Rotate Icon\\">btnRotCounter.svg</svg></button><select id=\\"rotateDrop\\" name=\\"setRotationMag\\" class=\\"controlSelect\\">
          <option>90°</option>
          <option>180°</option>
          <option>270°</option>
        </select><button id=\\"rotate-right\\" name=\\"rotate-right\\" class=\\"controlBtn iconBtn\\"><svg alt=\\"Clockwise Rotate Icon\\" class=\\"reflectXBtn\\">btnRotCounter.svg</svg></button></div>
    </div>
  </div>
</div>"
`;

exports[`sideboard tab clicks click translation 1`] = `
"<div id=\\"sideboard\\">
  <nav><button id=\\"translation-button\\" class=\\"tabBtn iconBtn\\"><svg alt=\\"Translation\\" tabindex=\\"0\\" class=\\"activeTab\\">btnTrans.svg</svg></button><button id=\\"rotation-button\\" class=\\"tabBtn iconBtn\\"><svg alt=\\"Rotation\\" tabindex=\\"0\\" class=\\"\\">btnRot.svg</svg></button><button id=\\"reflection-button\\" class=\\"tabBtn iconBtn\\"><svg alt=\\"Reflection\\" tabindex=\\"0\\" class=\\"\\">btnReflect.svg</svg></button></nav>
  <div id=\\"translation\\" class=\\"tab\\">
    <div class=\\"controls\\"><input name=\\"setTranslationFactor\\" type=\\"number\\" min=\\"0\\" max=\\"18\\" id=\\"factorBox\\" class=\\"controlInputNum\\" value=\\"\\"><button name=\\"up\\" alt=\\"up button\\" id=\\"up\\" class=\\"controlBtn iconBtn\\"><svg class=\\"upBtn\\">btnTransArrow.svg</svg></button><button name=\\"left\\" alt=\\"left button\\" id=\\"left\\" class=\\"controlBtn iconBtn\\"><svg class=\\"leftBtn\\">btnTransArrow.svg</svg></button><button name=\\"right\\" alt=\\"right button\\" id=\\"right\\" class=\\"controlBtn iconBtn\\"><svg class=\\"rightBtn\\">btnTransArrow.svg</svg></button><button name=\\"down\\" alt=\\"down button\\" id=\\"down\\" class=\\"controlBtn iconBtn\\"><svg class=\\"downBtn\\">btnTransArrow.svg</svg></button></div>
  </div>
</div>"
`;
